тЦ▓ Next.js 16.1.0 (Turbopack)

  Creating an optimized production build ...
node.exe : 
At 
D:\NodeJS\npx.ps1:29 
char:3
+   & $NODE_EXE 
$NPX_CLI_JS $args
+   ~~~~~~~~~~~~~~~~~
~~~~~~~~~~~~
    + CategoryInfo   
           : NotSpe  
  cified: (:String   
 ) [], RemoteExce    
ption
    + FullyQualified 
   ErrorId : Native  
  CommandError
 
-----
[1m[31mFATAL[39m[
0m: An unexpected 
Turbopack error 
occurred. A panic 
log has been written 
to C:\Users\Asus\AppD
ata\Local\Temp\next-p
anic-c54aa3ec920575a8
1eb155b2cfe2d8e2.log.

To help make 
Turbopack better, 
report this error by 
]8;;https://github.c
om/vercel/next.js/dis
cussions/new?category
=turbopack-error-repo
rt&title=Turbopack%20
Error%3A%20create%20s
ymlink%20to%20..%2F..
%2Fnode_modules%2Fbcr
ypt&body=Turbopack%20
version%3A%20%60ea1df
5f2%60%0ANext.js%20ve
rsion%3A%20%600.0.0%6
0%0A%0AError%20messag
e%3A%0A%60%60%60%0Acr
eate%20symlink%20to%2
0..%2F..%2Fnode_modul
es%2Fbcrypt%0A%0ACaus
ed%20by%3A%0A-%20A%20
required%20privilege%
20is%20not%20held%20b
y%20the%20client.%20%
28os%20error%201314%2
9%0A%60%60%60&labels=
Turbopack,Turbopack%2
0Panic%20Backtrace\c
licking here.]8;;\
-----


> Build error 
occurred
Error [TurbopackInter
nalError]: create 
symlink to ../../node
_modules/bcrypt

Caused by:
- A required 
privilege is not 
held by the client. 
(os error 1314)
    at ignore-listed 
frames {
  type: 'TurbopackInt
ernalError',
  location: undefined
}
